
****************************************
Report : timing
        -path full
        -delay max
        -max_paths 1
Design : DLX_BPU_TAG_FIELD_SIZE8_BPU_SET_FIELD_SIZE3_BPU_LINES_PER_SET4
Version: F-2011.09-SP3
****************************************

 # A fanout number of 1000 was used for high fanout net computations.

Operating Conditions: typical   Library: NangateOpenCellLibrary
Wire Load Model Mode: top

  Startpoint: CU_OUTS_EXE_atEXE_reg[MUX_ALU_IN2_SEL]
              (rising edge-triggered flip-flop clocked by CLOCK)
  Endpoint: datapath_instance/BPU_instance/clk_gate_last_prediction_reg/latch
            (negative level-sensitive latch clocked by CLOCK)
  Path Group: CLOCK
  Path Type: max

  Des/Clust/Port     Wire Load Model       Library
  ------------------------------------------------
  DLX_BPU_TAG_FIELD_SIZE8_BPU_SET_FIELD_SIZE3_BPU_LINES_PER_SET4
                     5K_hvratio_1_4        NangateOpenCellLibrary

  Point                                                   Incr       Path
  --------------------------------------------------------------------------
  clock CLOCK (rise edge)                                 0.00       0.00
  clock network delay (ideal)                             0.00       0.00
  CU_OUTS_EXE_atEXE_reg[MUX_ALU_IN2_SEL]/CK (DFF_X1)      0.00       0.00 r
  CU_OUTS_EXE_atEXE_reg[MUX_ALU_IN2_SEL]/Q (DFF_X1)       0.11       0.11 r
  U3345/Z (MUX2_X1)                                       0.11       0.22 r
  U3132/ZN (INV_X1)                                       0.07       0.29 f
  U3131/ZN (NOR2_X1)                                      0.06       0.35 r
  U3130/ZN (AOI21_X1)                                     0.04       0.39 f
  U3669/CO (FA_X1)                                        0.10       0.49 f
  U3230/ZN (OAI211_X1)                                    0.05       0.53 r
  U3229/ZN (NAND2_X1)                                     0.04       0.57 f
  U3967/CO (FA_X1)                                        0.10       0.67 f
  U3985/CO (FA_X1)                                        0.10       0.76 f
  U3218/ZN (OAI21_X1)                                     0.05       0.81 r
  U3214/ZN (AOI21_X1)                                     0.04       0.85 f
  U3550/CO (FA_X1)                                        0.10       0.95 f
  U3121/ZN (INV_X1)                                       0.03       0.98 r
  U3120/ZN (NAND2_X1)                                     0.03       1.01 f
  U2445/ZN (AND3_X1)                                      0.05       1.06 f
  U2929/ZN (OAI21_X1)                                     0.06       1.13 r
  U2925/ZN (AOI21_X1)                                     0.04       1.17 f
  U3729/ZN (XNOR2_X1)                                     0.06       1.23 r
  U3748/ZN (OAI211_X1)                                    0.06       1.29 f
  U4260/ZN (AOI22_X1)                                     0.08       1.37 r
  U4261/ZN (NAND2_X1)                                     0.03       1.40 f
  U4262/ZN (AOI21_X1)                                     0.06       1.46 r
  U4263/ZN (OAI211_X1)                                    0.06       1.51 f
  U3122/ZN (INV_X1)                                       0.04       1.56 r
  U3123/ZN (NAND4_X1)                                     0.05       1.60 f
  U3124/ZN (NOR2_X1)                                      0.04       1.65 r
  U2378/ZN (AND3_X1)                                      0.05       1.70 r
  U2419/ZN (OAI211_X1)                                    0.05       1.75 f
  U2283/ZN (XNOR2_X2)                                     0.09       1.84 r
  U2418/ZN (NAND2_X1)                                     0.05       1.89 f
  U2269/ZN (INV_X1)                                       0.11       2.00 r
  U4777/ZN (AOI22_X1)                                     0.07       2.07 f
  U4778/ZN (OAI21_X1)                                     0.05       2.12 r
  datapath_instance/BPU_instance/actual_addr[5] (BPU_TAG_FIELD_SIZE8_SET_FIELD_SIZE3_LINES_PER_SET4)
                                                          0.00       2.12 r
  datapath_instance/BPU_instance/U273/ZN (INV_X1)         0.04       2.16 f
  datapath_instance/BPU_instance/U579/ZN (AOI22_X1)       0.07       2.23 r
  datapath_instance/BPU_instance/U580/ZN (OAI221_X1)      0.05       2.28 f
  datapath_instance/BPU_instance/U582/ZN (NOR4_X1)        0.09       2.38 r
  datapath_instance/BPU_instance/U264/ZN (NAND4_X1)       0.05       2.43 f
  datapath_instance/BPU_instance/U28/ZN (NAND2_X1)        0.06       2.48 r
  datapath_instance/BPU_instance/U66/ZN (INV_X1)          0.05       2.53 f
  datapath_instance/BPU_instance/U143/ZN (INV_X4)         0.12       2.65 r
  datapath_instance/BPU_instance/misprediction_BAR (BPU_TAG_FIELD_SIZE8_SET_FIELD_SIZE3_LINES_PER_SET4)
                                                          0.00       2.65 r
  HDU_instance/misprediction_BAR (HDU)                    0.00       2.65 r
  HDU_instance/U12/ZN (AND2_X1)                           0.08       2.74 r
  HDU_instance/HDU_OUTS[IF_EN] (HDU)                      0.00       2.74 r
  datapath_instance/BPU_instance/IF_EN (BPU_TAG_FIELD_SIZE8_SET_FIELD_SIZE3_LINES_PER_SET4)
                                                          0.00       2.74 r
  datapath_instance/BPU_instance/U723/ZN (NAND2_X1)       0.05       2.78 f
  datapath_instance/BPU_instance/U724/ZN (INV_X1)         0.04       2.82 r
  datapath_instance/BPU_instance/clk_gate_last_prediction_reg/EN (SNPS_CLOCK_GATE_HIGH_BPU_TAG_FIELD_SIZE8_SET_FIELD_SIZE3_LINES_PER_SET4_2)
                                                          0.00       2.82 r
  datapath_instance/BPU_instance/clk_gate_last_prediction_reg/test_or/ZN (OR2_X1)
                                                          0.03       2.85 r
  datapath_instance/BPU_instance/clk_gate_last_prediction_reg/latch/D (DLL_X1)
                                                          0.01       2.86 r
  data arrival time                                                  2.86

  clock CLOCK (fall edge)                                 1.50       1.50
  clock network delay (ideal)                             0.00       1.50
  datapath_instance/BPU_instance/clk_gate_last_prediction_reg/latch/GN (DLL_X1)
                                                          0.00       1.50 f
  time borrowed from endpoint                             1.36       2.86
  data required time                                                 2.86
  --------------------------------------------------------------------------
  data required time                                                 2.86
  data arrival time                                                 -2.86
  --------------------------------------------------------------------------
  slack (MET)                                                        0.00

  Time Borrowing Information
  --------------------------------------------------------------
  CLOCK pulse width                                       1.50   
  library setup time                                     -0.03   
  --------------------------------------------------------------
  max time borrow                                         1.47   
  actual time borrow                                      1.36   
  --------------------------------------------------------------


1
