
****************************************
Report : timing
        -path full
        -delay max
        -max_paths 1
Design : DLX_BPU_TAG_FIELD_SIZE8_BPU_SET_FIELD_SIZE3_BPU_LINES_PER_SET4
Version: F-2011.09-SP3
****************************************

 # A fanout number of 1000 was used for high fanout net computations.

Operating Conditions: typical   Library: NangateOpenCellLibrary
Wire Load Model Mode: top

  Startpoint: datapath_instance/REG_RF_OUT1/Q_reg[0]
              (rising edge-triggered flip-flop clocked by CLOCK)
  Endpoint: datapath_instance/BPU_instance/clk_gate_cache_reg[0][1][DATA]/latch
            (negative level-sensitive latch clocked by CLOCK)
  Path Group: CLOCK
  Path Type: max

  Des/Clust/Port     Wire Load Model       Library
  ------------------------------------------------
  DLX_BPU_TAG_FIELD_SIZE8_BPU_SET_FIELD_SIZE3_BPU_LINES_PER_SET4
                     5K_hvratio_1_4        NangateOpenCellLibrary

  Point                                                   Incr       Path
  --------------------------------------------------------------------------
  clock CLOCK (rise edge)                                 0.00       0.00
  clock network delay (ideal)                             0.00       0.00
  datapath_instance/REG_RF_OUT1/Q_reg[0]/CK (DFFS_X1)     0.00       0.00 r
  datapath_instance/REG_RF_OUT1/Q_reg[0]/QN (DFFS_X1)     0.07       0.07 f
  datapath_instance/MULT/A[0] (boothmul_4stage_N32)       0.00       0.07 f
  datapath_instance/MULT/U111/Z (BUF_X1)                  0.06       0.12 f
  datapath_instance/MULT/U26/ZN (INV_X2)                  0.13       0.25 r
  datapath_instance/MULT/U141/ZN (INV_X1)                 0.13       0.38 f
  datapath_instance/MULT/U1069/ZN (AND2_X1)               0.08       0.46 f
  datapath_instance/MULT/U1217/ZN (NAND2_X1)              0.03       0.49 r
  datapath_instance/MULT/U1216/ZN (NAND3_X1)              0.04       0.53 f
  datapath_instance/MULT/U1442/CO (FA_X1)                 0.10       0.63 f
  datapath_instance/MULT/U1454/S (FA_X1)                  0.16       0.79 r
  datapath_instance/MULT/U262/ZN (NAND2_X1)               0.04       0.83 f
  datapath_instance/MULT/U1465/CO (FA_X1)                 0.11       0.94 f
  datapath_instance/MULT/U513/ZN (NAND2_X1)               0.03       0.98 r
  datapath_instance/MULT/U209/ZN (AND2_X1)                0.04       1.02 r
  datapath_instance/MULT/U1285/ZN (XNOR2_X1)              0.06       1.08 r
  datapath_instance/MULT/U1284/ZN (XNOR2_X1)              0.05       1.13 f
  datapath_instance/MULT/P[31] (boothmul_4stage_N32)      0.00       1.13 f
  U3575/ZN (AOI21_X1)                                     0.06       1.19 r
  U4211/ZN (NAND4_X1)                                     0.06       1.25 f
  U4210/ZN (INV_X1)                                       0.03       1.28 r
  U4215/ZN (AND2_X1)                                      0.04       1.32 r
  U4355/ZN (NAND4_X1)                                     0.04       1.37 f
  U2286/ZN (NAND3_X1)                                     0.05       1.42 r
  U2644/ZN (NAND2_X1)                                     0.05       1.47 f
  U2267/Z (CLKBUF_X3)                                     0.07       1.54 f
  U4565/ZN (OAI222_X1)                                    0.08       1.62 r
  datapath_instance/BPU_instance/actual_addr[18] (BPU_TAG_FIELD_SIZE8_SET_FIELD_SIZE3_LINES_PER_SET4)
                                                          0.00       1.62 r
  datapath_instance/BPU_instance/U304/ZN (XNOR2_X1)       0.07       1.69 r
  datapath_instance/BPU_instance/U303/ZN (NAND2_X1)       0.03       1.73 f
  datapath_instance/BPU_instance/U302/ZN (NOR2_X1)        0.05       1.78 r
  datapath_instance/BPU_instance/U300/ZN (NAND2_X1)       0.03       1.81 f
  datapath_instance/BPU_instance/U307/ZN (NOR2_X1)        0.04       1.86 r
  datapath_instance/BPU_instance/U1160/ZN (NAND4_X1)      0.04       1.90 f
  datapath_instance/BPU_instance/U416/ZN (NAND2_X1)       0.04       1.94 r
  datapath_instance/BPU_instance/U63/Z (BUF_X1)           0.04       1.98 r
  datapath_instance/BPU_instance/U53/Z (BUF_X1)           0.05       2.03 r
  datapath_instance/BPU_instance/U294/ZN (NOR2_X1)        0.05       2.09 f
  datapath_instance/BPU_instance/U361/ZN (AOI21_X2)       0.11       2.19 r
  datapath_instance/BPU_instance/U531/ZN (NOR2_X1)        0.04       2.24 f
  datapath_instance/BPU_instance/clk_gate_cache_reg[0][1][DATA]/EN (SNPS_CLOCK_GATE_HIGH_BPU_TAG_FIELD_SIZE8_SET_FIELD_SIZE3_LINES_PER_SET4_95)
                                                          0.00       2.24 f
  datapath_instance/BPU_instance/clk_gate_cache_reg[0][1][DATA]/test_or/ZN (OR2_X1)
                                                          0.05       2.29 f
  datapath_instance/BPU_instance/clk_gate_cache_reg[0][1][DATA]/latch/D (DLL_X1)
                                                          0.01       2.30 f
  data arrival time                                                  2.30

  clock CLOCK (fall edge)                                 1.20       1.20
  clock network delay (ideal)                             0.00       1.20
  datapath_instance/BPU_instance/clk_gate_cache_reg[0][1][DATA]/latch/GN (DLL_X1)
                                                          0.00       1.20 f
  time borrowed from endpoint                             1.10       2.30
  data required time                                                 2.30
  --------------------------------------------------------------------------
  data required time                                                 2.30
  data arrival time                                                 -2.30
  --------------------------------------------------------------------------
  slack (MET)                                                        0.00

  Time Borrowing Information
  --------------------------------------------------------------
  CLOCK pulse width                                       1.20   
  library setup time                                     -0.05   
  --------------------------------------------------------------
  max time borrow                                         1.15   
  actual time borrow                                      1.10   
  --------------------------------------------------------------


1
