 
****************************************
Report : power
        -analysis_effort low
Design : DLX_BPU_TAG_FIELD_SIZE8_BPU_SET_FIELD_SIZE3_BPU_LINES_PER_SET4
Version: F-2011.09-SP3
****************************************


Library(s) Used:

    NangateOpenCellLibrary (File: /home/mariagrazia.graziano/do/libnangate/NangateOpenCellLibrary_typical_ecsm.db)


Operating Conditions: typical   Library: NangateOpenCellLibrary
Wire Load Model Mode: top

Design        Wire Load Model            Library
------------------------------------------------
DLX_BPU_TAG_FIELD_SIZE8_BPU_SET_FIELD_SIZE3_BPU_LINES_PER_SET4
                       5K_hvratio_1_4    NangateOpenCellLibrary


Global Operating Voltage = 1.1  
Power-specific unit information :
    Voltage Units = 1V
    Capacitance Units = 1.000000ff
    Time Units = 1ns
    Dynamic Power Units = 1uW    (derived from V,C,T units)
    Leakage Power Units = 1nW


  Cell Internal Power  =   9.2158 mW   (94%)
  Net Switching Power  = 599.3026 uW    (6%)
                         ---------
Total Dynamic Power    =   9.8151 mW  (100%)

Cell Leakage Power     = 602.8431 uW


                 Internal         Switching           Leakage            Total
Power Group      Power            Power               Power              Power   (   %    )  Attrs
--------------------------------------------------------------------------------------------------
io_pad             0.0000            0.0000            0.0000            0.0000  (   0.00%)
memory             0.0000            0.0000            0.0000            0.0000  (   0.00%)
black_box          0.0000            0.0000            0.0000            0.0000  (   0.00%)
clock_network      0.0000            0.0000            0.0000            0.0000  (   0.00%)
register       8.9638e+03           87.1039        2.4250e+05        9.2934e+03  (  89.21%)
sequential         5.4861            0.4452        1.4464e+03            7.3777  (   0.07%)
combinational    246.4981          511.7527        3.5890e+05        1.1171e+03  (  10.72%)
--------------------------------------------------------------------------------------------------
Total          9.2158e+03 uW       599.3018 uW     6.0284e+05 nW     1.0418e+04 uW
1
