 
****************************************
Report : power
        -analysis_effort low
Design : DLX_BPU_TAG_FIELD_SIZE8_BPU_SET_FIELD_SIZE3_BPU_LINES_PER_SET4
Version: F-2011.09-SP3
****************************************


Library(s) Used:

    NangateOpenCellLibrary (File: /home/mariagrazia.graziano/do/libnangate/NangateOpenCellLibrary_typical_ecsm.db)


Operating Conditions: typical   Library: NangateOpenCellLibrary
Wire Load Model Mode: top

Design        Wire Load Model            Library
------------------------------------------------
DLX_BPU_TAG_FIELD_SIZE8_BPU_SET_FIELD_SIZE3_BPU_LINES_PER_SET4
                       5K_hvratio_1_4    NangateOpenCellLibrary


Global Operating Voltage = 1.1  
Power-specific unit information :
    Voltage Units = 1V
    Capacitance Units = 1.000000ff
    Time Units = 1ns
    Dynamic Power Units = 1uW    (derived from V,C,T units)
    Leakage Power Units = 1nW


  Cell Internal Power  =   4.3896 mW   (94%)
  Net Switching Power  = 278.1238 uW    (6%)
                         ---------
Total Dynamic Power    =   4.6677 mW  (100%)

Cell Leakage Power     = 567.4265 uW


                 Internal         Switching           Leakage            Total
Power Group      Power            Power               Power              Power   (   %    )  Attrs
--------------------------------------------------------------------------------------------------
io_pad             0.0000            0.0000            0.0000            0.0000  (   0.00%)
memory             0.0000            0.0000            0.0000            0.0000  (   0.00%)
black_box          0.0000            0.0000            0.0000            0.0000  (   0.00%)
clock_network      0.0000            0.0000            0.0000            0.0000  (   0.00%)
register       4.2838e+03           43.4936        2.4010e+05        4.5674e+03  (  87.24%)
sequential         2.6165            0.2258        1.4470e+03            4.2893  (   0.08%)
combinational    103.2663          234.4064        3.2588e+05          663.5469  (  12.67%)
--------------------------------------------------------------------------------------------------
Total          4.3896e+03 uW       278.1258 uW     5.6743e+05 nW     5.2352e+03 uW
1
