 
****************************************
Report : power
        -analysis_effort low
Design : DLX_BPU_TAG_FIELD_SIZE8_BPU_SET_FIELD_SIZE3_BPU_LINES_PER_SET4
Version: F-2011.09-SP3
****************************************


Library(s) Used:

    NangateOpenCellLibrary (File: /home/mariagrazia.graziano/do/libnangate/NangateOpenCellLibrary_typical_ecsm.db)


Operating Conditions: typical   Library: NangateOpenCellLibrary
Wire Load Model Mode: top

Design        Wire Load Model            Library
------------------------------------------------
DLX_BPU_TAG_FIELD_SIZE8_BPU_SET_FIELD_SIZE3_BPU_LINES_PER_SET4
                       5K_hvratio_1_4    NangateOpenCellLibrary


Global Operating Voltage = 1.1  
Power-specific unit information :
    Voltage Units = 1V
    Capacitance Units = 1.000000ff
    Time Units = 1ns
    Dynamic Power Units = 1uW    (derived from V,C,T units)
    Leakage Power Units = 1nW


  Cell Internal Power  =   2.1933 mW   (94%)
  Net Switching Power  = 136.4847 uW    (6%)
                         ---------
Total Dynamic Power    =   2.3298 mW  (100%)

Cell Leakage Power     = 567.0392 uW


                 Internal         Switching           Leakage            Total
Power Group      Power            Power               Power              Power   (   %    )  Attrs
--------------------------------------------------------------------------------------------------
io_pad             0.0000            0.0000            0.0000            0.0000  (   0.00%)
memory             0.0000            0.0000            0.0000            0.0000  (   0.00%)
black_box          0.0000            0.0000            0.0000            0.0000  (   0.00%)
clock_network      0.0000            0.0000            0.0000            0.0000  (   0.00%)
register       2.1419e+03           21.2680        2.3972e+05        2.4029e+03  (  82.95%)
sequential         1.2824            0.1101        1.4470e+03            2.8394  (   0.10%)
combinational     50.1440          115.1079        3.2587e+05          491.1237  (  16.95%)
--------------------------------------------------------------------------------------------------
Total          2.1933e+03 uW       136.4859 uW     5.6704e+05 nW     2.8969e+03 uW
1
