 
****************************************
Report : power
        -analysis_effort low
Design : DLX_BPU_TAG_FIELD_SIZE8_BPU_SET_FIELD_SIZE3_BPU_LINES_PER_SET4
Version: F-2011.09-SP3
****************************************


Library(s) Used:

    NangateOpenCellLibrary (File: /home/mariagrazia.graziano/do/libnangate/NangateOpenCellLibrary_typical_ecsm.db)


Operating Conditions: typical   Library: NangateOpenCellLibrary
Wire Load Model Mode: top

Design        Wire Load Model            Library
------------------------------------------------
DLX_BPU_TAG_FIELD_SIZE8_BPU_SET_FIELD_SIZE3_BPU_LINES_PER_SET4
                       5K_hvratio_1_4    NangateOpenCellLibrary


Global Operating Voltage = 1.1  
Power-specific unit information :
    Voltage Units = 1V
    Capacitance Units = 1.000000ff
    Time Units = 1ns
    Dynamic Power Units = 1uW    (derived from V,C,T units)
    Leakage Power Units = 1nW


  Cell Internal Power  =   7.3387 mW   (94%)
  Net Switching Power  = 465.3368 uW    (6%)
                         ---------
Total Dynamic Power    =   7.8040 mW  (100%)

Cell Leakage Power     = 585.1165 uW


                 Internal         Switching           Leakage            Total
Power Group      Power            Power               Power              Power   (   %    )  Attrs
--------------------------------------------------------------------------------------------------
io_pad             0.0000            0.0000            0.0000            0.0000  (   0.00%)
memory             0.0000            0.0000            0.0000            0.0000  (   0.00%)
black_box          0.0000            0.0000            0.0000            0.0000  (   0.00%)
clock_network      0.0000            0.0000            0.0000            0.0000  (   0.00%)
register       7.1474e+03           69.9137        2.4088e+05        7.4582e+03  (  88.90%)
sequential         4.4077            0.3615        1.4466e+03            6.2158  (   0.07%)
combinational    186.8940          395.0635        3.4279e+05          924.7414  (  11.02%)
--------------------------------------------------------------------------------------------------
Total          7.3387e+03 uW       465.3387 uW     5.8511e+05 nW     8.3891e+03 uW
1
