
****************************************
Report : timing
        -path full
        -delay max
        -max_paths 1
Design : DLX_BPU_TAG_FIELD_SIZE8_BPU_SET_FIELD_SIZE3_BPU_LINES_PER_SET4
Version: F-2011.09-SP3
****************************************

 # A fanout number of 1000 was used for high fanout net computations.

Operating Conditions: typical   Library: NangateOpenCellLibrary
Wire Load Model Mode: top

  Startpoint: CU_OUTS_EXE_atEXE_reg[MUX_ALU_IN2_SEL]
              (rising edge-triggered flip-flop clocked by CLOCK)
  Endpoint: datapath_instance/BPU_instance/cache_reg[0][3][DATA][2]
            (rising edge-triggered flip-flop clocked by CLOCK)
  Path Group: CLOCK
  Path Type: max

  Des/Clust/Port     Wire Load Model       Library
  ------------------------------------------------
  DLX_BPU_TAG_FIELD_SIZE8_BPU_SET_FIELD_SIZE3_BPU_LINES_PER_SET4
                     5K_hvratio_1_4        NangateOpenCellLibrary

  Point                                                   Incr       Path
  --------------------------------------------------------------------------
  clock CLOCK (rise edge)                                 0.00       0.00
  clock network delay (ideal)                             0.00       0.00
  CU_OUTS_EXE_atEXE_reg[MUX_ALU_IN2_SEL]/CK (DFF_X2)      0.00 #     0.00 r
  CU_OUTS_EXE_atEXE_reg[MUX_ALU_IN2_SEL]/QN (DFF_X2)      0.18       0.18 r
  U15122/ZN (AOI22_X1)                                    0.13       0.31 f
  U15700/ZN (NAND2_X1)                                    0.08       0.39 r
  U15701/ZN (OAI21_X1)                                    0.05       0.44 f
  intadd_4/U16/CO (FA_X1)                                 0.10       0.54 f
  intadd_4/U15/CO (FA_X1)                                 0.10       0.65 f
  U14155/ZN (OAI21_X1)                                    0.05       0.70 r
  U14156/ZN (NAND2_X1)                                    0.04       0.74 f
  U15431/ZN (NAND2_X1)                                    0.04       0.77 r
  U15432/ZN (NAND3_X1)                                    0.04       0.82 f
  intadd_4/U12/CO (FA_X1)                                 0.10       0.92 f
  U15426/ZN (NAND2_X1)                                    0.04       0.96 r
  U15084/ZN (NAND3_X1)                                    0.05       1.01 f
  U15139/ZN (NAND2_X1)                                    0.04       1.05 r
  U15422/ZN (NAND3_X1)                                    0.04       1.09 f
  intadd_4/U9/CO (FA_X1)                                  0.10       1.19 f
  U15415/ZN (NAND2_X1)                                    0.04       1.23 r
  U15417/ZN (NAND3_X1)                                    0.05       1.28 f
  U14895/ZN (NAND2_X1)                                    0.04       1.32 r
  U14897/ZN (NAND3_X1)                                    0.05       1.37 f
  U14907/ZN (NAND2_X1)                                    0.04       1.41 r
  U14909/ZN (NAND3_X1)                                    0.04       1.46 f
  intadd_4/U5/CO (FA_X1)                                  0.10       1.55 f
  intadd_4/U4/CO (FA_X1)                                  0.10       1.65 f
  intadd_4/U3/CO (FA_X1)                                  0.10       1.74 f
  intadd_4/U2/CO (FA_X1)                                  0.10       1.84 f
  U15079/ZN (NAND2_X1)                                    0.04       1.88 r
  U15078/ZN (OR4_X1)                                      0.05       1.93 r
  U15072/ZN (NOR3_X1)                                     0.03       1.96 f
  U15713/ZN (OAI22_X1)                                    0.04       2.00 r
  U15714/ZN (AOI22_X1)                                    0.04       2.04 f
  intadd_10/U9/CO (FA_X1)                                 0.10       2.14 f
  intadd_10/U8/CO (FA_X1)                                 0.10       2.24 f
  intadd_10/U7/CO (FA_X1)                                 0.10       2.33 f
  intadd_10/U6/CO (FA_X1)                                 0.10       2.43 f
  intadd_10/U5/CO (FA_X1)                                 0.10       2.53 f
  U14901/ZN (NAND2_X1)                                    0.04       2.57 r
  U14903/ZN (NAND3_X1)                                    0.04       2.61 f
  intadd_10/U3/CO (FA_X1)                                 0.10       2.71 f
  intadd_10/U2/S (FA_X1)                                  0.11       2.82 f
  U14558/ZN (OR2_X1)                                      0.07       2.89 f
  U17336/ZN (NAND2_X1)                                    0.04       2.93 r
  U15069/ZN (XNOR2_X1)                                    0.06       2.99 r
  U17337/ZN (OAI21_X1)                                    0.03       3.02 f
  U17338/ZN (OAI221_X1)                                   0.05       3.08 r
  U17339/ZN (NAND2_X1)                                    0.03       3.11 f
  U15068/ZN (OAI21_X1)                                    0.04       3.15 r
  U15067/ZN (OAI21_X1)                                    0.04       3.18 f
  U15066/ZN (NOR4_X1)                                     0.10       3.28 r
  U15065/ZN (AOI22_X1)                                    0.06       3.34 f
  U14288/ZN (AOI211_X2)                                   0.10       3.44 r
  U15010/ZN (NAND3_X1)                                    0.05       3.49 f
  U15009/ZN (XNOR2_X1)                                    0.09       3.58 r
  U14889/ZN (INV_X1)                                      0.04       3.61 f
  U14913/ZN (NAND2_X2)                                    0.08       3.69 r
  U14551/ZN (INV_X1)                                      0.07       3.76 f
  U18122/ZN (OAI221_X1)                                   0.05       3.81 r
  U18123/ZN (OAI21_X1)                                    0.04       3.86 f
  U14984/ZN (AOI21_X2)                                    0.12       3.98 r
  U14401/ZN (INV_X1)                                      0.06       4.03 f
  U14397/ZN (INV_X2)                                      0.12       4.15 r
  U14982/ZN (AOI221_X1)                                   0.08       4.23 f
  U14981/ZN (NAND4_X1)                                    0.05       4.28 r
  U14910/ZN (OAI21_X1)                                    0.04       4.32 f
  U14396/ZN (INV_X1)                                      0.06       4.38 r
  U14530/ZN (OAI21_X2)                                    0.08       4.45 f
  U15378/ZN (NOR2_X4)                                     0.23       4.68 r
  U14296/ZN (INV_X2)                                      0.15       4.83 f
  U20547/ZN (OAI22_X1)                                    0.09       4.92 r
  U20548/ZN (INV_X1)                                      0.02       4.95 f
  datapath_instance/BPU_instance/cache_reg[0][3][DATA][2]/D (DFFR_X1)
                                                          0.01       4.96 f
  data arrival time                                                  4.96

  clock CLOCK (rise edge)                                 5.00       5.00
  clock network delay (ideal)                             0.00       5.00
  datapath_instance/BPU_instance/cache_reg[0][3][DATA][2]/CK (DFFR_X1)
                                                          0.00       5.00 r
  library setup time                                     -0.04       4.96
  data required time                                                 4.96
  --------------------------------------------------------------------------
  data required time                                                 4.96
  data arrival time                                                 -4.96
  --------------------------------------------------------------------------
  slack (MET)                                                        0.00


1
